convert /home/alexi/books/stories-ru-uk-pilot/books/story-03-chaos-logic/editions/uk/draft-v6/reader/Логіка хаосу — українська версія.docx as a Writer document -> /home/alexi/books/stories-ru-uk-pilot/books/story-03-chaos-logic/editions/uk/draft-v6/reader/render/Логіка хаосу — українська версія.pdf using filter : writer_pdf_Export
I/O warning : failed to load "/usr/share/liblangtag/language-subtag-registry.xml": No such file or directory
W: Error raised:
W:   Unable to read the xml file: /usr/share/liblangtag/language-subtag-registry.xml
W:   Backtraces:
W:     0. /tmp/riokka-render-feqolq1t/root/usr/lib/x86_64-linux-gnu/liblangtag.so.1(lt_xml_get_subtag_registry+0x19a) [0x761b6abcc93a]
W:     1. /tmp/riokka-render-feqolq1t/root/usr/lib/x86_64-linux-gnu/liblangtag.so.1(+0xed13) [0x761b6abc3d13]
W:     2. /tmp/riokka-render-feqolq1t/root/usr/lib/x86_64-linux-gnu/liblangtag.so.1(lt_grandfathered_db_lookup+0xa8) [0x761b6abc5eb8]
W:     3. /tmp/riokka-render-feqolq1t/root/usr/lib/x86_64-linux-gnu/liblangtag.so.1(+0x13fa3) [0x761b6abc8fa3]
W:     4. /tmp/riokka-render-feqolq1t/root/usr/lib/libreoffice/program/libi18nlangtag.so(_ZN11LanguageTag12isValidBcp47ERKN3rtl8OUStringEPS1_NS_10PrivateUseE+0xea) [0x761b6e88a89a]
W:     5. /tmp/riokka-render-feqolq1t/root/usr/lib/libreoffice/program/libmergedlo.so(_ZN14SvxAutoCorrCfgC1Ev+0x900) [0x761b7320f940]
W:     6. /tmp/riokka-render-feqolq1t/root/usr/lib/libreoffice/program/libmergedlo.so(_ZN14SvxAutoCorrCfg3GetEv+0x5c) [0x761b7320fbdc]
W:     7. /tmp/riokka-render-feqolq1t/root/usr/lib/libreoffice/program/libswlo.so(+0x5738ed) [0x761b630108ed]
W:     8. /tmp/riokka-render-feqolq1t/root/usr/lib/libreoffice/program/libswlo.so(+0xe65863) [0x761b63902863]
W:     9. /tmp/riokka-render-feqolq1t/root/usr/lib/libreoffice/program/libswlo.so(_ZN9SwGlobals6ensureEv+0x85) [0x761b63902a55]
W:     10. /tmp/riokka-render-feqolq1t/root/usr/lib/libreoffice/program/libswlo.so(Writer_SwTextDocument_get_implementation+0x3e) [0x761b63b5e52e]
W:     11. /tmp/riokka-render-feqolq1t/root/usr/lib/libreoffice/program/libuno_cppuhelpergcc3.so.3(+0xadfbb) [0x761b70d46fbb]
W:     12. /tmp/riokka-render-feqolq1t/root/usr/lib/libreoffice/program/libuno_cppuhelpergcc3.so.3(+0xae189) [0x761b70d47189]
W:     13. /tmp/riokka-render-feqolq1t/root/usr/lib/libreoffice/program/libuno_cppuhelpergcc3.so.3(+0xac2cd) [0x761b70d452cd]
W:     14. /tmp/riokka-render-feqolq1t/root/usr/lib/libreoffice/program/libmergedlo.so(+0x33b7b6c) [0x761b741b2b6c]
W:     15. /tmp/riokka-render-feqolq1t/root/usr/lib/libreoffice/program/libmergedlo.so(+0x287b98c) [0x761b7367698c]
W:     16. /tmp/riokka-render-feqolq1t/root/usr/lib/libreoffice/program/libmergedlo.so(+0x287e38e) [0x761b7367938e]
W:     17. /tmp/riokka-render-feqolq1t/root/usr/lib/libreoffice/program/libmergedlo.so(+0x287ecf4) [0x761b73679cf4]
W:     18. /tmp/riokka-render-feqolq1t/root/usr/lib/libreoffice/program/libmergedlo.so(+0x279724e) [0x761b7359224e]
W:     19. /tmp/riokka-render-feqolq1t/root/usr/lib/libreoffice/program/libmergedlo.so(+0x2798012) [0x761b73593012]
W:     20. /tmp/riokka-render-feqolq1t/root/usr/lib/libreoffice/program/libmergedlo.so(_ZN10comphelper19SynchronousDispatch8dispatchERKN3com3sun4star3uno9ReferenceINS4_10XInterfaceEEERKN3rtl8OUStringESD_RKNS4_8SequenceINS3_5beans13PropertyValueEEE+0x2ba) [0x761b72dc434a]
W:     21. /tmp/riokka-render-feqolq1t/root/usr/lib/libreoffice/program/libmergedlo.so(+0x3432669) [0x761b7422d669]
W:     22. /tmp/riokka-render-feqolq1t/root/usr/lib/libreoffice/program/libmergedlo.so(+0x3438d5c) [0x761b74233d5c]
W:     23. /tmp/riokka-render-feqolq1t/root/usr/lib/libreoffice/program/libmergedlo.so(+0x341c1e1) [0x761b742171e1]
W:     24. /tmp/riokka-render-feqolq1t/root/usr/lib/libreoffice/program/libmergedlo.so(+0x341d7e6) [0x761b742187e6]
W:     25. /tmp/riokka-render-feqolq1t/root/usr/lib/libreoffice/program/libmergedlo.so(+0x44dcc26) [0x761b752d7c26]
W:     26. /tmp/riokka-render-feqolq1t/root/usr/lib/libreoffice/program/libmergedlo.so(_ZN14SvpSalInstance12ProcessEventEN16SalUserEventList12SalUserEventE+0x32) [0x761b757af622]
W:     27. /tmp/riokka-render-feqolq1t/root/usr/lib/libreoffice/program/libmergedlo.so(_ZN16SalUserEventList18DispatchUserEventsEb+0x14b) [0x761b75532d7b]
W:     28. /tmp/riokka-render-feqolq1t/root/usr/lib/libreoffice/program/libmergedlo.so(+0x49b4de6) [0x761b757afde6]
W:     29. /tmp/riokka-render-feqolq1t/root/usr/lib/libreoffice/program/libmergedlo.so(+0x49b52dd) [0x761b757b02dd]
W:     30. /tmp/riokka-render-feqolq1t/root/usr/lib/libreoffice/program/libmergedlo.so(+0x478c0be) [0x761b755870be]
W:     31. /tmp/riokka-render-feqolq1t/root/usr/lib/libreoffice/program/libmergedlo.so(_ZN11Application7ExecuteEv+0x72) [0x761b75587b02]
W:     32. /tmp/riokka-render-feqolq1t/root/usr/lib/libreoffice/program/libmergedlo.so(+0x3420340) [0x761b7421b340]
W:     33. /tmp/riokka-render-feqolq1t/root/usr/lib/libreoffice/program/libmergedlo.so(_Z10ImplSVMainv+0x49) [0x761b75592459]
W:     34. /tmp/riokka-render-feqolq1t/root/usr/lib/libreoffice/program/libmergedlo.so(soffice_main+0x85) [0x761b742393e5]
W:     35. /tmp/riokka-render-feqolq1t/root/usr/lib/libreoffice/program/soffice.bin(+0x10b6) [0x60326a7610b6]
W:     36. /usr/lib/x86_64-linux-gnu/libc.so.6(+0x2a601) [0x761b70a2a601]
W:     37. /usr/lib/x86_64-linux-gnu/libc.so.6(__libc_start_main+0x88) [0x761b70a2a718]
W:     38. /tmp/riokka-render-feqolq1t/root/usr/lib/libreoffice/program/soffice.bin(+0x10f5) [0x60326a7610f5]
I/O warning : failed to load "/usr/share/liblangtag/language-subtag-registry.xml": No such file or directory
W: Error raised:
W:   Unable to read the xml file: /usr/share/liblangtag/language-subtag-registry.xml
W:   Backtraces:
W:     0. /tmp/riokka-render-feqolq1t/root/usr/lib/x86_64-linux-gnu/liblangtag.so.1(lt_xml_get_subtag_registry+0x19a) [0x761b6abcc93a]
W:     1. /tmp/riokka-render-feqolq1t/root/usr/lib/x86_64-linux-gnu/liblangtag.so.1(+0xf36a) [0x761b6abc436a]
W:     2. /tmp/riokka-render-feqolq1t/root/usr/lib/x86_64-linux-gnu/liblangtag.so.1(lt_lang_db_lookup+0xa8) [0x761b6abc5f98]
W:     3. /tmp/riokka-render-feqolq1t/root/usr/lib/x86_64-linux-gnu/liblangtag.so.1(+0x14d60) [0x761b6abc9d60]
W:     4. /tmp/riokka-render-feqolq1t/root/usr/lib/libreoffice/program/libi18nlangtag.so(_ZN11LanguageTag12isValidBcp47ERKN3rtl8OUStringEPS1_NS_10PrivateUseE+0xea) [0x761b6e88a89a]
W:     5. /tmp/riokka-render-feqolq1t/root/usr/lib/libreoffice/program/libmergedlo.so(_ZN14SvxAutoCorrCfgC1Ev+0x900) [0x761b7320f940]
W:     6. /tmp/riokka-render-feqolq1t/root/usr/lib/libreoffice/program/libmergedlo.so(_ZN14SvxAutoCorrCfg3GetEv+0x5c) [0x761b7320fbdc]
W:     7. /tmp/riokka-render-feqolq1t/root/usr/lib/libreoffice/program/libswlo.so(+0x5738ed) [0x761b630108ed]
W:     8. /tmp/riokka-render-feqolq1t/root/usr/lib/libreoffice/program/libswlo.so(+0xe65863) [0x761b63902863]
W:     9. /tmp/riokka-render-feqolq1t/root/usr/lib/libreoffice/program/libswlo.so(_ZN9SwGlobals6ensureEv+0x85) [0x761b63902a55]
W:     10. /tmp/riokka-render-feqolq1t/root/usr/lib/libreoffice/program/libswlo.so(Writer_SwTextDocument_get_implementation+0x3e) [0x761b63b5e52e]
W:     11. /tmp/riokka-render-feqolq1t/root/usr/lib/libreoffice/program/libuno_cppuhelpergcc3.so.3(+0xadfbb) [0x761b70d46fbb]
W:     12. /tmp/riokka-render-feqolq1t/root/usr/lib/libreoffice/program/libuno_cppuhelpergcc3.so.3(+0xae189) [0x761b70d47189]
W:     13. /tmp/riokka-render-feqolq1t/root/usr/lib/libreoffice/program/libuno_cppuhelpergcc3.so.3(+0xac2cd) [0x761b70d452cd]
W:     14. /tmp/riokka-render-feqolq1t/root/usr/lib/libreoffice/program/libmergedlo.so(+0x33b7b6c) [0x761b741b2b6c]
W:     15. /tmp/riokka-render-feqolq1t/root/usr/lib/libreoffice/program/libmergedlo.so(+0x287b98c) [0x761b7367698c]
W:     16. /tmp/riokka-render-feqolq1t/root/usr/lib/libreoffice/program/libmergedlo.so(+0x287e38e) [0x761b7367938e]
W:     17. /tmp/riokka-render-feqolq1t/root/usr/lib/libreoffice/program/libmergedlo.so(+0x287ecf4) [0x761b73679cf4]
W:     18. /tmp/riokka-render-feqolq1t/root/usr/lib/libreoffice/program/libmergedlo.so(+0x279724e) [0x761b7359224e]
W:     19. /tmp/riokka-render-feqolq1t/root/usr/lib/libreoffice/program/libmergedlo.so(+0x2798012) [0x761b73593012]
W:     20. /tmp/riokka-render-feqolq1t/root/usr/lib/libreoffice/program/libmergedlo.so(_ZN10comphelper19SynchronousDispatch8dispatchERKN3com3sun4star3uno9ReferenceINS4_10XInterfaceEEERKN3rtl8OUStringESD_RKNS4_8SequenceINS3_5beans13PropertyValueEEE+0x2ba) [0x761b72dc434a]
W:     21. /tmp/riokka-render-feqolq1t/root/usr/lib/libreoffice/program/libmergedlo.so(+0x3432669) [0x761b7422d669]
W:     22. /tmp/riokka-render-feqolq1t/root/usr/lib/libreoffice/program/libmergedlo.so(+0x3438d5c) [0x761b74233d5c]
W:     23. /tmp/riokka-render-feqolq1t/root/usr/lib/libreoffice/program/libmergedlo.so(+0x341c1e1) [0x761b742171e1]
W:     24. /tmp/riokka-render-feqolq1t/root/usr/lib/libreoffice/program/libmergedlo.so(+0x341d7e6) [0x761b742187e6]
W:     25. /tmp/riokka-render-feqolq1t/root/usr/lib/libreoffice/program/libmergedlo.so(+0x44dcc26) [0x761b752d7c26]
W:     26. /tmp/riokka-render-feqolq1t/root/usr/lib/libreoffice/program/libmergedlo.so(_ZN14SvpSalInstance12ProcessEventEN16SalUserEventList12SalUserEventE+0x32) [0x761b757af622]
W:     27. /tmp/riokka-render-feqolq1t/root/usr/lib/libreoffice/program/libmergedlo.so(_ZN16SalUserEventList18DispatchUserEventsEb+0x14b) [0x761b75532d7b]
W:     28. /tmp/riokka-render-feqolq1t/root/usr/lib/libreoffice/program/libmergedlo.so(+0x49b4de6) [0x761b757afde6]
W:     29. /tmp/riokka-render-feqolq1t/root/usr/lib/libreoffice/program/libmergedlo.so(+0x49b52dd) [0x761b757b02dd]
W:     30. /tmp/riokka-render-feqolq1t/root/usr/lib/libreoffice/program/libmergedlo.so(+0x478c0be) [0x761b755870be]
W:     31. /tmp/riokka-render-feqolq1t/root/usr/lib/libreoffice/program/libmergedlo.so(_ZN11Application7ExecuteEv+0x72) [0x761b75587b02]
W:     32. /tmp/riokka-render-feqolq1t/root/usr/lib/libreoffice/program/libmergedlo.so(+0x3420340) [0x761b7421b340]
W:     33. /tmp/riokka-render-feqolq1t/root/usr/lib/libreoffice/program/libmergedlo.so(_Z10ImplSVMainv+0x49) [0x761b75592459]
W:     34. /tmp/riokka-render-feqolq1t/root/usr/lib/libreoffice/program/libmergedlo.so(soffice_main+0x85) [0x761b742393e5]
W:     35. /tmp/riokka-render-feqolq1t/root/usr/lib/libreoffice/program/soffice.bin(+0x10b6) [0x60326a7610b6]
W:     36. /usr/lib/x86_64-linux-gnu/libc.so.6(+0x2a601) [0x761b70a2a601]
W:     37. /usr/lib/x86_64-linux-gnu/libc.so.6(__libc_start_main+0x88) [0x761b70a2a718]
W:     38. /tmp/riokka-render-feqolq1t/root/usr/lib/libreoffice/program/soffice.bin(+0x10f5) [0x60326a7610f5]
