convert /home/alexi/books/riokka/books/book-03/revisions/2026-09-13-expanded/Риокка — Книга 3 — Холм Розмари — редакция для вычитки.docx as a Writer document -> /home/alexi/books/riokka/books/book-03/revisions/2026-09-13-expanded/audit/render/Риокка — Книга 3 — Холм Розмари — редакция для вычитки.pdf using filter : writer_pdf_Export
Overwriting: /home/alexi/books/riokka/books/book-03/revisions/2026-09-13-expanded/audit/render/Риокка — Книга 3 — Холм Розмари — редакция для вычитки.pdf
I/O warning : failed to load "/usr/share/liblangtag/language-subtag-registry.xml": No such file or directory
W: Error raised:
W:   Unable to read the xml file: /usr/share/liblangtag/language-subtag-registry.xml
W:   Backtraces:
W:     0. /tmp/riokka-render-feqolq1t/root/usr/lib/x86_64-linux-gnu/liblangtag.so.1(lt_xml_get_subtag_registry+0x19a) [0x7357d365493a]
W:     1. /tmp/riokka-render-feqolq1t/root/usr/lib/x86_64-linux-gnu/liblangtag.so.1(+0xed13) [0x7357d364bd13]
W:     2. /tmp/riokka-render-feqolq1t/root/usr/lib/x86_64-linux-gnu/liblangtag.so.1(lt_grandfathered_db_lookup+0xa8) [0x7357d364deb8]
W:     3. /tmp/riokka-render-feqolq1t/root/usr/lib/x86_64-linux-gnu/liblangtag.so.1(+0x13fa3) [0x7357d3650fa3]
W:     4. /tmp/riokka-render-feqolq1t/root/usr/lib/libreoffice/program/libi18nlangtag.so(_ZN11LanguageTag12isValidBcp47ERKN3rtl8OUStringEPS1_NS_10PrivateUseE+0xea) [0x7357d731289a]
W:     5. /tmp/riokka-render-feqolq1t/root/usr/lib/libreoffice/program/libmergedlo.so(_ZN14SvxAutoCorrCfgC1Ev+0x900) [0x7357dbc97940]
W:     6. /tmp/riokka-render-feqolq1t/root/usr/lib/libreoffice/program/libmergedlo.so(_ZN14SvxAutoCorrCfg3GetEv+0x5c) [0x7357dbc97bdc]
W:     7. /tmp/riokka-render-feqolq1t/root/usr/lib/libreoffice/program/libswlo.so(+0x5738ed) [0x7357d07ea8ed]
W:     8. /tmp/riokka-render-feqolq1t/root/usr/lib/libreoffice/program/libswlo.so(+0xe65863) [0x7357d10dc863]
W:     9. /tmp/riokka-render-feqolq1t/root/usr/lib/libreoffice/program/libswlo.so(_ZN9SwGlobals6ensureEv+0x85) [0x7357d10dca55]
W:     10. /tmp/riokka-render-feqolq1t/root/usr/lib/libreoffice/program/libswlo.so(Writer_SwTextDocument_get_implementation+0x3e) [0x7357d133852e]
W:     11. /tmp/riokka-render-feqolq1t/root/usr/lib/libreoffice/program/libuno_cppuhelpergcc3.so.3(+0xadfbb) [0x7357d9586fbb]
W:     12. /tmp/riokka-render-feqolq1t/root/usr/lib/libreoffice/program/libuno_cppuhelpergcc3.so.3(+0xae189) [0x7357d9587189]
W:     13. /tmp/riokka-render-feqolq1t/root/usr/lib/libreoffice/program/libuno_cppuhelpergcc3.so.3(+0xac2cd) [0x7357d95852cd]
W:     14. /tmp/riokka-render-feqolq1t/root/usr/lib/libreoffice/program/libmergedlo.so(+0x33b7b6c) [0x7357dcc3ab6c]
W:     15. /tmp/riokka-render-feqolq1t/root/usr/lib/libreoffice/program/libmergedlo.so(+0x287b98c) [0x7357dc0fe98c]
W:     16. /tmp/riokka-render-feqolq1t/root/usr/lib/libreoffice/program/libmergedlo.so(+0x287e38e) [0x7357dc10138e]
W:     17. /tmp/riokka-render-feqolq1t/root/usr/lib/libreoffice/program/libmergedlo.so(+0x287ecf4) [0x7357dc101cf4]
W:     18. /tmp/riokka-render-feqolq1t/root/usr/lib/libreoffice/program/libmergedlo.so(+0x279724e) [0x7357dc01a24e]
W:     19. /tmp/riokka-render-feqolq1t/root/usr/lib/libreoffice/program/libmergedlo.so(+0x2798012) [0x7357dc01b012]
W:     20. /tmp/riokka-render-feqolq1t/root/usr/lib/libreoffice/program/libmergedlo.so(_ZN10comphelper19SynchronousDispatch8dispatchERKN3com3sun4star3uno9ReferenceINS4_10XInterfaceEEERKN3rtl8OUStringESD_RKNS4_8SequenceINS3_5beans13PropertyValueEEE+0x2ba) [0x7357db84c34a]
W:     21. /tmp/riokka-render-feqolq1t/root/usr/lib/libreoffice/program/libmergedlo.so(+0x3432669) [0x7357dccb5669]
W:     22. /tmp/riokka-render-feqolq1t/root/usr/lib/libreoffice/program/libmergedlo.so(+0x3438d5c) [0x7357dccbbd5c]
W:     23. /tmp/riokka-render-feqolq1t/root/usr/lib/libreoffice/program/libmergedlo.so(+0x341c1e1) [0x7357dcc9f1e1]
W:     24. /tmp/riokka-render-feqolq1t/root/usr/lib/libreoffice/program/libmergedlo.so(+0x341d7e6) [0x7357dcca07e6]
W:     25. /tmp/riokka-render-feqolq1t/root/usr/lib/libreoffice/program/libmergedlo.so(+0x44dcc26) [0x7357ddd5fc26]
W:     26. /tmp/riokka-render-feqolq1t/root/usr/lib/libreoffice/program/libmergedlo.so(_ZN14SvpSalInstance12ProcessEventEN16SalUserEventList12SalUserEventE+0x32) [0x7357de237622]
W:     27. /tmp/riokka-render-feqolq1t/root/usr/lib/libreoffice/program/libmergedlo.so(_ZN16SalUserEventList18DispatchUserEventsEb+0x14b) [0x7357ddfbad7b]
W:     28. /tmp/riokka-render-feqolq1t/root/usr/lib/libreoffice/program/libmergedlo.so(+0x49b4de6) [0x7357de237de6]
W:     29. /tmp/riokka-render-feqolq1t/root/usr/lib/libreoffice/program/libmergedlo.so(+0x49b52dd) [0x7357de2382dd]
W:     30. /tmp/riokka-render-feqolq1t/root/usr/lib/libreoffice/program/libmergedlo.so(+0x478c0be) [0x7357de00f0be]
W:     31. /tmp/riokka-render-feqolq1t/root/usr/lib/libreoffice/program/libmergedlo.so(_ZN11Application7ExecuteEv+0x72) [0x7357de00fb02]
W:     32. /tmp/riokka-render-feqolq1t/root/usr/lib/libreoffice/program/libmergedlo.so(+0x3420340) [0x7357dcca3340]
W:     33. /tmp/riokka-render-feqolq1t/root/usr/lib/libreoffice/program/libmergedlo.so(_Z10ImplSVMainv+0x49) [0x7357de01a459]
W:     34. /tmp/riokka-render-feqolq1t/root/usr/lib/libreoffice/program/libmergedlo.so(soffice_main+0x85) [0x7357dccc13e5]
W:     35. /tmp/riokka-render-feqolq1t/root/usr/lib/libreoffice/program/soffice.bin(+0x10b6) [0x57625b0940b6]
W:     36. /usr/lib/x86_64-linux-gnu/libc.so.6(+0x2a601) [0x7357d962a601]
W:     37. /usr/lib/x86_64-linux-gnu/libc.so.6(__libc_start_main+0x88) [0x7357d962a718]
W:     38. /tmp/riokka-render-feqolq1t/root/usr/lib/libreoffice/program/soffice.bin(+0x10f5) [0x57625b0940f5]
I/O warning : failed to load "/usr/share/liblangtag/language-subtag-registry.xml": No such file or directory
W: Error raised:
W:   Unable to read the xml file: /usr/share/liblangtag/language-subtag-registry.xml
W:   Backtraces:
W:     0. /tmp/riokka-render-feqolq1t/root/usr/lib/x86_64-linux-gnu/liblangtag.so.1(lt_xml_get_subtag_registry+0x19a) [0x7357d365493a]
W:     1. /tmp/riokka-render-feqolq1t/root/usr/lib/x86_64-linux-gnu/liblangtag.so.1(+0xf36a) [0x7357d364c36a]
W:     2. /tmp/riokka-render-feqolq1t/root/usr/lib/x86_64-linux-gnu/liblangtag.so.1(lt_lang_db_lookup+0xa8) [0x7357d364df98]
W:     3. /tmp/riokka-render-feqolq1t/root/usr/lib/x86_64-linux-gnu/liblangtag.so.1(+0x14d60) [0x7357d3651d60]
W:     4. /tmp/riokka-render-feqolq1t/root/usr/lib/libreoffice/program/libi18nlangtag.so(_ZN11LanguageTag12isValidBcp47ERKN3rtl8OUStringEPS1_NS_10PrivateUseE+0xea) [0x7357d731289a]
W:     5. /tmp/riokka-render-feqolq1t/root/usr/lib/libreoffice/program/libmergedlo.so(_ZN14SvxAutoCorrCfgC1Ev+0x900) [0x7357dbc97940]
W:     6. /tmp/riokka-render-feqolq1t/root/usr/lib/libreoffice/program/libmergedlo.so(_ZN14SvxAutoCorrCfg3GetEv+0x5c) [0x7357dbc97bdc]
W:     7. /tmp/riokka-render-feqolq1t/root/usr/lib/libreoffice/program/libswlo.so(+0x5738ed) [0x7357d07ea8ed]
W:     8. /tmp/riokka-render-feqolq1t/root/usr/lib/libreoffice/program/libswlo.so(+0xe65863) [0x7357d10dc863]
W:     9. /tmp/riokka-render-feqolq1t/root/usr/lib/libreoffice/program/libswlo.so(_ZN9SwGlobals6ensureEv+0x85) [0x7357d10dca55]
W:     10. /tmp/riokka-render-feqolq1t/root/usr/lib/libreoffice/program/libswlo.so(Writer_SwTextDocument_get_implementation+0x3e) [0x7357d133852e]
W:     11. /tmp/riokka-render-feqolq1t/root/usr/lib/libreoffice/program/libuno_cppuhelpergcc3.so.3(+0xadfbb) [0x7357d9586fbb]
W:     12. /tmp/riokka-render-feqolq1t/root/usr/lib/libreoffice/program/libuno_cppuhelpergcc3.so.3(+0xae189) [0x7357d9587189]
W:     13. /tmp/riokka-render-feqolq1t/root/usr/lib/libreoffice/program/libuno_cppuhelpergcc3.so.3(+0xac2cd) [0x7357d95852cd]
W:     14. /tmp/riokka-render-feqolq1t/root/usr/lib/libreoffice/program/libmergedlo.so(+0x33b7b6c) [0x7357dcc3ab6c]
W:     15. /tmp/riokka-render-feqolq1t/root/usr/lib/libreoffice/program/libmergedlo.so(+0x287b98c) [0x7357dc0fe98c]
W:     16. /tmp/riokka-render-feqolq1t/root/usr/lib/libreoffice/program/libmergedlo.so(+0x287e38e) [0x7357dc10138e]
W:     17. /tmp/riokka-render-feqolq1t/root/usr/lib/libreoffice/program/libmergedlo.so(+0x287ecf4) [0x7357dc101cf4]
W:     18. /tmp/riokka-render-feqolq1t/root/usr/lib/libreoffice/program/libmergedlo.so(+0x279724e) [0x7357dc01a24e]
W:     19. /tmp/riokka-render-feqolq1t/root/usr/lib/libreoffice/program/libmergedlo.so(+0x2798012) [0x7357dc01b012]
W:     20. /tmp/riokka-render-feqolq1t/root/usr/lib/libreoffice/program/libmergedlo.so(_ZN10comphelper19SynchronousDispatch8dispatchERKN3com3sun4star3uno9ReferenceINS4_10XInterfaceEEERKN3rtl8OUStringESD_RKNS4_8SequenceINS3_5beans13PropertyValueEEE+0x2ba) [0x7357db84c34a]
W:     21. /tmp/riokka-render-feqolq1t/root/usr/lib/libreoffice/program/libmergedlo.so(+0x3432669) [0x7357dccb5669]
W:     22. /tmp/riokka-render-feqolq1t/root/usr/lib/libreoffice/program/libmergedlo.so(+0x3438d5c) [0x7357dccbbd5c]
W:     23. /tmp/riokka-render-feqolq1t/root/usr/lib/libreoffice/program/libmergedlo.so(+0x341c1e1) [0x7357dcc9f1e1]
W:     24. /tmp/riokka-render-feqolq1t/root/usr/lib/libreoffice/program/libmergedlo.so(+0x341d7e6) [0x7357dcca07e6]
W:     25. /tmp/riokka-render-feqolq1t/root/usr/lib/libreoffice/program/libmergedlo.so(+0x44dcc26) [0x7357ddd5fc26]
W:     26. /tmp/riokka-render-feqolq1t/root/usr/lib/libreoffice/program/libmergedlo.so(_ZN14SvpSalInstance12ProcessEventEN16SalUserEventList12SalUserEventE+0x32) [0x7357de237622]
W:     27. /tmp/riokka-render-feqolq1t/root/usr/lib/libreoffice/program/libmergedlo.so(_ZN16SalUserEventList18DispatchUserEventsEb+0x14b) [0x7357ddfbad7b]
W:     28. /tmp/riokka-render-feqolq1t/root/usr/lib/libreoffice/program/libmergedlo.so(+0x49b4de6) [0x7357de237de6]
W:     29. /tmp/riokka-render-feqolq1t/root/usr/lib/libreoffice/program/libmergedlo.so(+0x49b52dd) [0x7357de2382dd]
W:     30. /tmp/riokka-render-feqolq1t/root/usr/lib/libreoffice/program/libmergedlo.so(+0x478c0be) [0x7357de00f0be]
W:     31. /tmp/riokka-render-feqolq1t/root/usr/lib/libreoffice/program/libmergedlo.so(_ZN11Application7ExecuteEv+0x72) [0x7357de00fb02]
W:     32. /tmp/riokka-render-feqolq1t/root/usr/lib/libreoffice/program/libmergedlo.so(+0x3420340) [0x7357dcca3340]
W:     33. /tmp/riokka-render-feqolq1t/root/usr/lib/libreoffice/program/libmergedlo.so(_Z10ImplSVMainv+0x49) [0x7357de01a459]
W:     34. /tmp/riokka-render-feqolq1t/root/usr/lib/libreoffice/program/libmergedlo.so(soffice_main+0x85) [0x7357dccc13e5]
W:     35. /tmp/riokka-render-feqolq1t/root/usr/lib/libreoffice/program/soffice.bin(+0x10b6) [0x57625b0940b6]
W:     36. /usr/lib/x86_64-linux-gnu/libc.so.6(+0x2a601) [0x7357d962a601]
W:     37. /usr/lib/x86_64-linux-gnu/libc.so.6(__libc_start_main+0x88) [0x7357d962a718]
W:     38. /tmp/riokka-render-feqolq1t/root/usr/lib/libreoffice/program/soffice.bin(+0x10f5) [0x57625b0940f5]
