convert /home/alexi/books/stories-ru-uk-pilot/books/story-03-chaos-logic/editions/uk/draft-v3/reader/Логіка хаосу — українська версія.docx as a Writer document -> /home/alexi/books/stories-ru-uk-pilot/books/story-03-chaos-logic/editions/uk/draft-v3/reader/render/Логіка хаосу — українська версія.pdf using filter : writer_pdf_Export
I/O warning : failed to load "/usr/share/liblangtag/language-subtag-registry.xml": No such file or directory
W: Error raised:
W:   Unable to read the xml file: /usr/share/liblangtag/language-subtag-registry.xml
W:   Backtraces:
W:     0. /tmp/riokka-render-feqolq1t/root/usr/lib/x86_64-linux-gnu/liblangtag.so.1(lt_xml_get_subtag_registry+0x19a) [0x77af9bf9693a]
W:     1. /tmp/riokka-render-feqolq1t/root/usr/lib/x86_64-linux-gnu/liblangtag.so.1(+0xed13) [0x77af9bf8dd13]
W:     2. /tmp/riokka-render-feqolq1t/root/usr/lib/x86_64-linux-gnu/liblangtag.so.1(lt_grandfathered_db_lookup+0xa8) [0x77af9bf8feb8]
W:     3. /tmp/riokka-render-feqolq1t/root/usr/lib/x86_64-linux-gnu/liblangtag.so.1(+0x13fa3) [0x77af9bf92fa3]
W:     4. /tmp/riokka-render-feqolq1t/root/usr/lib/libreoffice/program/libi18nlangtag.so(_ZN11LanguageTag12isValidBcp47ERKN3rtl8OUStringEPS1_NS_10PrivateUseE+0xea) [0x77af9fc5489a]
W:     5. /tmp/riokka-render-feqolq1t/root/usr/lib/libreoffice/program/libmergedlo.so(_ZN14SvxAutoCorrCfgC1Ev+0x900) [0x77afa45d9940]
W:     6. /tmp/riokka-render-feqolq1t/root/usr/lib/libreoffice/program/libmergedlo.so(_ZN14SvxAutoCorrCfg3GetEv+0x5c) [0x77afa45d9bdc]
W:     7. /tmp/riokka-render-feqolq1t/root/usr/lib/libreoffice/program/libswlo.so(+0x5738ed) [0x77af9912d8ed]
W:     8. /tmp/riokka-render-feqolq1t/root/usr/lib/libreoffice/program/libswlo.so(+0xe65863) [0x77af99a1f863]
W:     9. /tmp/riokka-render-feqolq1t/root/usr/lib/libreoffice/program/libswlo.so(_ZN9SwGlobals6ensureEv+0x85) [0x77af99a1fa55]
W:     10. /tmp/riokka-render-feqolq1t/root/usr/lib/libreoffice/program/libswlo.so(Writer_SwTextDocument_get_implementation+0x3e) [0x77af99c7b52e]
W:     11. /tmp/riokka-render-feqolq1t/root/usr/lib/libreoffice/program/libuno_cppuhelpergcc3.so.3(+0xadfbb) [0x77afa2110fbb]
W:     12. /tmp/riokka-render-feqolq1t/root/usr/lib/libreoffice/program/libuno_cppuhelpergcc3.so.3(+0xae189) [0x77afa2111189]
W:     13. /tmp/riokka-render-feqolq1t/root/usr/lib/libreoffice/program/libuno_cppuhelpergcc3.so.3(+0xac2cd) [0x77afa210f2cd]
W:     14. /tmp/riokka-render-feqolq1t/root/usr/lib/libreoffice/program/libmergedlo.so(+0x33b7b6c) [0x77afa557cb6c]
W:     15. /tmp/riokka-render-feqolq1t/root/usr/lib/libreoffice/program/libmergedlo.so(+0x287b98c) [0x77afa4a4098c]
W:     16. /tmp/riokka-render-feqolq1t/root/usr/lib/libreoffice/program/libmergedlo.so(+0x287e38e) [0x77afa4a4338e]
W:     17. /tmp/riokka-render-feqolq1t/root/usr/lib/libreoffice/program/libmergedlo.so(+0x287ecf4) [0x77afa4a43cf4]
W:     18. /tmp/riokka-render-feqolq1t/root/usr/lib/libreoffice/program/libmergedlo.so(+0x279724e) [0x77afa495c24e]
W:     19. /tmp/riokka-render-feqolq1t/root/usr/lib/libreoffice/program/libmergedlo.so(+0x2798012) [0x77afa495d012]
W:     20. /tmp/riokka-render-feqolq1t/root/usr/lib/libreoffice/program/libmergedlo.so(_ZN10comphelper19SynchronousDispatch8dispatchERKN3com3sun4star3uno9ReferenceINS4_10XInterfaceEEERKN3rtl8OUStringESD_RKNS4_8SequenceINS3_5beans13PropertyValueEEE+0x2ba) [0x77afa418e34a]
W:     21. /tmp/riokka-render-feqolq1t/root/usr/lib/libreoffice/program/libmergedlo.so(+0x3432669) [0x77afa55f7669]
W:     22. /tmp/riokka-render-feqolq1t/root/usr/lib/libreoffice/program/libmergedlo.so(+0x3438d5c) [0x77afa55fdd5c]
W:     23. /tmp/riokka-render-feqolq1t/root/usr/lib/libreoffice/program/libmergedlo.so(+0x341c1e1) [0x77afa55e11e1]
W:     24. /tmp/riokka-render-feqolq1t/root/usr/lib/libreoffice/program/libmergedlo.so(+0x341d7e6) [0x77afa55e27e6]
W:     25. /tmp/riokka-render-feqolq1t/root/usr/lib/libreoffice/program/libmergedlo.so(+0x44dcc26) [0x77afa66a1c26]
W:     26. /tmp/riokka-render-feqolq1t/root/usr/lib/libreoffice/program/libmergedlo.so(_ZN14SvpSalInstance12ProcessEventEN16SalUserEventList12SalUserEventE+0x32) [0x77afa6b79622]
W:     27. /tmp/riokka-render-feqolq1t/root/usr/lib/libreoffice/program/libmergedlo.so(_ZN16SalUserEventList18DispatchUserEventsEb+0x14b) [0x77afa68fcd7b]
W:     28. /tmp/riokka-render-feqolq1t/root/usr/lib/libreoffice/program/libmergedlo.so(+0x49b4de6) [0x77afa6b79de6]
W:     29. /tmp/riokka-render-feqolq1t/root/usr/lib/libreoffice/program/libmergedlo.so(+0x49b52dd) [0x77afa6b7a2dd]
W:     30. /tmp/riokka-render-feqolq1t/root/usr/lib/libreoffice/program/libmergedlo.so(+0x478c0be) [0x77afa69510be]
W:     31. /tmp/riokka-render-feqolq1t/root/usr/lib/libreoffice/program/libmergedlo.so(_ZN11Application7ExecuteEv+0x72) [0x77afa6951b02]
W:     32. /tmp/riokka-render-feqolq1t/root/usr/lib/libreoffice/program/libmergedlo.so(+0x3420340) [0x77afa55e5340]
W:     33. /tmp/riokka-render-feqolq1t/root/usr/lib/libreoffice/program/libmergedlo.so(_Z10ImplSVMainv+0x49) [0x77afa695c459]
W:     34. /tmp/riokka-render-feqolq1t/root/usr/lib/libreoffice/program/libmergedlo.so(soffice_main+0x85) [0x77afa56033e5]
W:     35. /tmp/riokka-render-feqolq1t/root/usr/lib/libreoffice/program/soffice.bin(+0x10b6) [0x556249d090b6]
W:     36. /usr/lib/x86_64-linux-gnu/libc.so.6(+0x2a601) [0x77afa1e2a601]
W:     37. /usr/lib/x86_64-linux-gnu/libc.so.6(__libc_start_main+0x88) [0x77afa1e2a718]
W:     38. /tmp/riokka-render-feqolq1t/root/usr/lib/libreoffice/program/soffice.bin(+0x10f5) [0x556249d090f5]
I/O warning : failed to load "/usr/share/liblangtag/language-subtag-registry.xml": No such file or directory
W: Error raised:
W:   Unable to read the xml file: /usr/share/liblangtag/language-subtag-registry.xml
W:   Backtraces:
W:     0. /tmp/riokka-render-feqolq1t/root/usr/lib/x86_64-linux-gnu/liblangtag.so.1(lt_xml_get_subtag_registry+0x19a) [0x77af9bf9693a]
W:     1. /tmp/riokka-render-feqolq1t/root/usr/lib/x86_64-linux-gnu/liblangtag.so.1(+0xf36a) [0x77af9bf8e36a]
W:     2. /tmp/riokka-render-feqolq1t/root/usr/lib/x86_64-linux-gnu/liblangtag.so.1(lt_lang_db_lookup+0xa8) [0x77af9bf8ff98]
W:     3. /tmp/riokka-render-feqolq1t/root/usr/lib/x86_64-linux-gnu/liblangtag.so.1(+0x14d60) [0x77af9bf93d60]
W:     4. /tmp/riokka-render-feqolq1t/root/usr/lib/libreoffice/program/libi18nlangtag.so(_ZN11LanguageTag12isValidBcp47ERKN3rtl8OUStringEPS1_NS_10PrivateUseE+0xea) [0x77af9fc5489a]
W:     5. /tmp/riokka-render-feqolq1t/root/usr/lib/libreoffice/program/libmergedlo.so(_ZN14SvxAutoCorrCfgC1Ev+0x900) [0x77afa45d9940]
W:     6. /tmp/riokka-render-feqolq1t/root/usr/lib/libreoffice/program/libmergedlo.so(_ZN14SvxAutoCorrCfg3GetEv+0x5c) [0x77afa45d9bdc]
W:     7. /tmp/riokka-render-feqolq1t/root/usr/lib/libreoffice/program/libswlo.so(+0x5738ed) [0x77af9912d8ed]
W:     8. /tmp/riokka-render-feqolq1t/root/usr/lib/libreoffice/program/libswlo.so(+0xe65863) [0x77af99a1f863]
W:     9. /tmp/riokka-render-feqolq1t/root/usr/lib/libreoffice/program/libswlo.so(_ZN9SwGlobals6ensureEv+0x85) [0x77af99a1fa55]
W:     10. /tmp/riokka-render-feqolq1t/root/usr/lib/libreoffice/program/libswlo.so(Writer_SwTextDocument_get_implementation+0x3e) [0x77af99c7b52e]
W:     11. /tmp/riokka-render-feqolq1t/root/usr/lib/libreoffice/program/libuno_cppuhelpergcc3.so.3(+0xadfbb) [0x77afa2110fbb]
W:     12. /tmp/riokka-render-feqolq1t/root/usr/lib/libreoffice/program/libuno_cppuhelpergcc3.so.3(+0xae189) [0x77afa2111189]
W:     13. /tmp/riokka-render-feqolq1t/root/usr/lib/libreoffice/program/libuno_cppuhelpergcc3.so.3(+0xac2cd) [0x77afa210f2cd]
W:     14. /tmp/riokka-render-feqolq1t/root/usr/lib/libreoffice/program/libmergedlo.so(+0x33b7b6c) [0x77afa557cb6c]
W:     15. /tmp/riokka-render-feqolq1t/root/usr/lib/libreoffice/program/libmergedlo.so(+0x287b98c) [0x77afa4a4098c]
W:     16. /tmp/riokka-render-feqolq1t/root/usr/lib/libreoffice/program/libmergedlo.so(+0x287e38e) [0x77afa4a4338e]
W:     17. /tmp/riokka-render-feqolq1t/root/usr/lib/libreoffice/program/libmergedlo.so(+0x287ecf4) [0x77afa4a43cf4]
W:     18. /tmp/riokka-render-feqolq1t/root/usr/lib/libreoffice/program/libmergedlo.so(+0x279724e) [0x77afa495c24e]
W:     19. /tmp/riokka-render-feqolq1t/root/usr/lib/libreoffice/program/libmergedlo.so(+0x2798012) [0x77afa495d012]
W:     20. /tmp/riokka-render-feqolq1t/root/usr/lib/libreoffice/program/libmergedlo.so(_ZN10comphelper19SynchronousDispatch8dispatchERKN3com3sun4star3uno9ReferenceINS4_10XInterfaceEEERKN3rtl8OUStringESD_RKNS4_8SequenceINS3_5beans13PropertyValueEEE+0x2ba) [0x77afa418e34a]
W:     21. /tmp/riokka-render-feqolq1t/root/usr/lib/libreoffice/program/libmergedlo.so(+0x3432669) [0x77afa55f7669]
W:     22. /tmp/riokka-render-feqolq1t/root/usr/lib/libreoffice/program/libmergedlo.so(+0x3438d5c) [0x77afa55fdd5c]
W:     23. /tmp/riokka-render-feqolq1t/root/usr/lib/libreoffice/program/libmergedlo.so(+0x341c1e1) [0x77afa55e11e1]
W:     24. /tmp/riokka-render-feqolq1t/root/usr/lib/libreoffice/program/libmergedlo.so(+0x341d7e6) [0x77afa55e27e6]
W:     25. /tmp/riokka-render-feqolq1t/root/usr/lib/libreoffice/program/libmergedlo.so(+0x44dcc26) [0x77afa66a1c26]
W:     26. /tmp/riokka-render-feqolq1t/root/usr/lib/libreoffice/program/libmergedlo.so(_ZN14SvpSalInstance12ProcessEventEN16SalUserEventList12SalUserEventE+0x32) [0x77afa6b79622]
W:     27. /tmp/riokka-render-feqolq1t/root/usr/lib/libreoffice/program/libmergedlo.so(_ZN16SalUserEventList18DispatchUserEventsEb+0x14b) [0x77afa68fcd7b]
W:     28. /tmp/riokka-render-feqolq1t/root/usr/lib/libreoffice/program/libmergedlo.so(+0x49b4de6) [0x77afa6b79de6]
W:     29. /tmp/riokka-render-feqolq1t/root/usr/lib/libreoffice/program/libmergedlo.so(+0x49b52dd) [0x77afa6b7a2dd]
W:     30. /tmp/riokka-render-feqolq1t/root/usr/lib/libreoffice/program/libmergedlo.so(+0x478c0be) [0x77afa69510be]
W:     31. /tmp/riokka-render-feqolq1t/root/usr/lib/libreoffice/program/libmergedlo.so(_ZN11Application7ExecuteEv+0x72) [0x77afa6951b02]
W:     32. /tmp/riokka-render-feqolq1t/root/usr/lib/libreoffice/program/libmergedlo.so(+0x3420340) [0x77afa55e5340]
W:     33. /tmp/riokka-render-feqolq1t/root/usr/lib/libreoffice/program/libmergedlo.so(_Z10ImplSVMainv+0x49) [0x77afa695c459]
W:     34. /tmp/riokka-render-feqolq1t/root/usr/lib/libreoffice/program/libmergedlo.so(soffice_main+0x85) [0x77afa56033e5]
W:     35. /tmp/riokka-render-feqolq1t/root/usr/lib/libreoffice/program/soffice.bin(+0x10b6) [0x556249d090b6]
W:     36. /usr/lib/x86_64-linux-gnu/libc.so.6(+0x2a601) [0x77afa1e2a601]
W:     37. /usr/lib/x86_64-linux-gnu/libc.so.6(__libc_start_main+0x88) [0x77afa1e2a718]
W:     38. /tmp/riokka-render-feqolq1t/root/usr/lib/libreoffice/program/soffice.bin(+0x10f5) [0x556249d090f5]
