convert /home/alexi/books/stories-ru-uk-pilot/books/story-02-fair-killer/editions/uk/draft-v3/reader/Справедливий вбивця — українська версія.docx as a Writer document -> /home/alexi/books/stories-ru-uk-pilot/books/story-02-fair-killer/editions/uk/draft-v3/reader/render/Справедливий вбивця — українська версія.pdf using filter : writer_pdf_Export
I/O warning : failed to load "/usr/share/liblangtag/language-subtag-registry.xml": No such file or directory
W: Error raised:
W:   Unable to read the xml file: /usr/share/liblangtag/language-subtag-registry.xml
W:   Backtraces:
W:     0. /tmp/riokka-render-feqolq1t/root/usr/lib/x86_64-linux-gnu/liblangtag.so.1(lt_xml_get_subtag_registry+0x19a) [0x75df8bbbd93a]
W:     1. /tmp/riokka-render-feqolq1t/root/usr/lib/x86_64-linux-gnu/liblangtag.so.1(+0xed13) [0x75df8bbb4d13]
W:     2. /tmp/riokka-render-feqolq1t/root/usr/lib/x86_64-linux-gnu/liblangtag.so.1(lt_grandfathered_db_lookup+0xa8) [0x75df8bbb6eb8]
W:     3. /tmp/riokka-render-feqolq1t/root/usr/lib/x86_64-linux-gnu/liblangtag.so.1(+0x13fa3) [0x75df8bbb9fa3]
W:     4. /tmp/riokka-render-feqolq1t/root/usr/lib/libreoffice/program/libi18nlangtag.so(_ZN11LanguageTag12isValidBcp47ERKN3rtl8OUStringEPS1_NS_10PrivateUseE+0xea) [0x75df8f87b89a]
W:     5. /tmp/riokka-render-feqolq1t/root/usr/lib/libreoffice/program/libmergedlo.so(_ZN14SvxAutoCorrCfgC1Ev+0x900) [0x75df941ff940]
W:     6. /tmp/riokka-render-feqolq1t/root/usr/lib/libreoffice/program/libmergedlo.so(_ZN14SvxAutoCorrCfg3GetEv+0x5c) [0x75df941ffbdc]
W:     7. /tmp/riokka-render-feqolq1t/root/usr/lib/libreoffice/program/libswlo.so(+0x5738ed) [0x75df88d548ed]
W:     8. /tmp/riokka-render-feqolq1t/root/usr/lib/libreoffice/program/libswlo.so(+0xe65863) [0x75df89646863]
W:     9. /tmp/riokka-render-feqolq1t/root/usr/lib/libreoffice/program/libswlo.so(_ZN9SwGlobals6ensureEv+0x85) [0x75df89646a55]
W:     10. /tmp/riokka-render-feqolq1t/root/usr/lib/libreoffice/program/libswlo.so(Writer_SwTextDocument_get_implementation+0x3e) [0x75df898a252e]
W:     11. /tmp/riokka-render-feqolq1t/root/usr/lib/libreoffice/program/libuno_cppuhelpergcc3.so.3(+0xadfbb) [0x75df91d36fbb]
W:     12. /tmp/riokka-render-feqolq1t/root/usr/lib/libreoffice/program/libuno_cppuhelpergcc3.so.3(+0xae189) [0x75df91d37189]
W:     13. /tmp/riokka-render-feqolq1t/root/usr/lib/libreoffice/program/libuno_cppuhelpergcc3.so.3(+0xac2cd) [0x75df91d352cd]
W:     14. /tmp/riokka-render-feqolq1t/root/usr/lib/libreoffice/program/libmergedlo.so(+0x33b7b6c) [0x75df951a2b6c]
W:     15. /tmp/riokka-render-feqolq1t/root/usr/lib/libreoffice/program/libmergedlo.so(+0x287b98c) [0x75df9466698c]
W:     16. /tmp/riokka-render-feqolq1t/root/usr/lib/libreoffice/program/libmergedlo.so(+0x287e38e) [0x75df9466938e]
W:     17. /tmp/riokka-render-feqolq1t/root/usr/lib/libreoffice/program/libmergedlo.so(+0x287ecf4) [0x75df94669cf4]
W:     18. /tmp/riokka-render-feqolq1t/root/usr/lib/libreoffice/program/libmergedlo.so(+0x279724e) [0x75df9458224e]
W:     19. /tmp/riokka-render-feqolq1t/root/usr/lib/libreoffice/program/libmergedlo.so(+0x2798012) [0x75df94583012]
W:     20. /tmp/riokka-render-feqolq1t/root/usr/lib/libreoffice/program/libmergedlo.so(_ZN10comphelper19SynchronousDispatch8dispatchERKN3com3sun4star3uno9ReferenceINS4_10XInterfaceEEERKN3rtl8OUStringESD_RKNS4_8SequenceINS3_5beans13PropertyValueEEE+0x2ba) [0x75df93db434a]
W:     21. /tmp/riokka-render-feqolq1t/root/usr/lib/libreoffice/program/libmergedlo.so(+0x3432669) [0x75df9521d669]
W:     22. /tmp/riokka-render-feqolq1t/root/usr/lib/libreoffice/program/libmergedlo.so(+0x3438d5c) [0x75df95223d5c]
W:     23. /tmp/riokka-render-feqolq1t/root/usr/lib/libreoffice/program/libmergedlo.so(+0x341c1e1) [0x75df952071e1]
W:     24. /tmp/riokka-render-feqolq1t/root/usr/lib/libreoffice/program/libmergedlo.so(+0x341d7e6) [0x75df952087e6]
W:     25. /tmp/riokka-render-feqolq1t/root/usr/lib/libreoffice/program/libmergedlo.so(+0x44dcc26) [0x75df962c7c26]
W:     26. /tmp/riokka-render-feqolq1t/root/usr/lib/libreoffice/program/libmergedlo.so(_ZN14SvpSalInstance12ProcessEventEN16SalUserEventList12SalUserEventE+0x32) [0x75df9679f622]
W:     27. /tmp/riokka-render-feqolq1t/root/usr/lib/libreoffice/program/libmergedlo.so(_ZN16SalUserEventList18DispatchUserEventsEb+0x14b) [0x75df96522d7b]
W:     28. /tmp/riokka-render-feqolq1t/root/usr/lib/libreoffice/program/libmergedlo.so(+0x49b4de6) [0x75df9679fde6]
W:     29. /tmp/riokka-render-feqolq1t/root/usr/lib/libreoffice/program/libmergedlo.so(+0x49b52dd) [0x75df967a02dd]
W:     30. /tmp/riokka-render-feqolq1t/root/usr/lib/libreoffice/program/libmergedlo.so(+0x478c0be) [0x75df965770be]
W:     31. /tmp/riokka-render-feqolq1t/root/usr/lib/libreoffice/program/libmergedlo.so(_ZN11Application7ExecuteEv+0x72) [0x75df96577b02]
W:     32. /tmp/riokka-render-feqolq1t/root/usr/lib/libreoffice/program/libmergedlo.so(+0x3420340) [0x75df9520b340]
W:     33. /tmp/riokka-render-feqolq1t/root/usr/lib/libreoffice/program/libmergedlo.so(_Z10ImplSVMainv+0x49) [0x75df96582459]
W:     34. /tmp/riokka-render-feqolq1t/root/usr/lib/libreoffice/program/libmergedlo.so(soffice_main+0x85) [0x75df952293e5]
W:     35. /tmp/riokka-render-feqolq1t/root/usr/lib/libreoffice/program/soffice.bin(+0x10b6) [0x5bc4a4ea60b6]
W:     36. /usr/lib/x86_64-linux-gnu/libc.so.6(+0x2a601) [0x75df91a2a601]
W:     37. /usr/lib/x86_64-linux-gnu/libc.so.6(__libc_start_main+0x88) [0x75df91a2a718]
W:     38. /tmp/riokka-render-feqolq1t/root/usr/lib/libreoffice/program/soffice.bin(+0x10f5) [0x5bc4a4ea60f5]
I/O warning : failed to load "/usr/share/liblangtag/language-subtag-registry.xml": No such file or directory
W: Error raised:
W:   Unable to read the xml file: /usr/share/liblangtag/language-subtag-registry.xml
W:   Backtraces:
W:     0. /tmp/riokka-render-feqolq1t/root/usr/lib/x86_64-linux-gnu/liblangtag.so.1(lt_xml_get_subtag_registry+0x19a) [0x75df8bbbd93a]
W:     1. /tmp/riokka-render-feqolq1t/root/usr/lib/x86_64-linux-gnu/liblangtag.so.1(+0xf36a) [0x75df8bbb536a]
W:     2. /tmp/riokka-render-feqolq1t/root/usr/lib/x86_64-linux-gnu/liblangtag.so.1(lt_lang_db_lookup+0xa8) [0x75df8bbb6f98]
W:     3. /tmp/riokka-render-feqolq1t/root/usr/lib/x86_64-linux-gnu/liblangtag.so.1(+0x14d60) [0x75df8bbbad60]
W:     4. /tmp/riokka-render-feqolq1t/root/usr/lib/libreoffice/program/libi18nlangtag.so(_ZN11LanguageTag12isValidBcp47ERKN3rtl8OUStringEPS1_NS_10PrivateUseE+0xea) [0x75df8f87b89a]
W:     5. /tmp/riokka-render-feqolq1t/root/usr/lib/libreoffice/program/libmergedlo.so(_ZN14SvxAutoCorrCfgC1Ev+0x900) [0x75df941ff940]
W:     6. /tmp/riokka-render-feqolq1t/root/usr/lib/libreoffice/program/libmergedlo.so(_ZN14SvxAutoCorrCfg3GetEv+0x5c) [0x75df941ffbdc]
W:     7. /tmp/riokka-render-feqolq1t/root/usr/lib/libreoffice/program/libswlo.so(+0x5738ed) [0x75df88d548ed]
W:     8. /tmp/riokka-render-feqolq1t/root/usr/lib/libreoffice/program/libswlo.so(+0xe65863) [0x75df89646863]
W:     9. /tmp/riokka-render-feqolq1t/root/usr/lib/libreoffice/program/libswlo.so(_ZN9SwGlobals6ensureEv+0x85) [0x75df89646a55]
W:     10. /tmp/riokka-render-feqolq1t/root/usr/lib/libreoffice/program/libswlo.so(Writer_SwTextDocument_get_implementation+0x3e) [0x75df898a252e]
W:     11. /tmp/riokka-render-feqolq1t/root/usr/lib/libreoffice/program/libuno_cppuhelpergcc3.so.3(+0xadfbb) [0x75df91d36fbb]
W:     12. /tmp/riokka-render-feqolq1t/root/usr/lib/libreoffice/program/libuno_cppuhelpergcc3.so.3(+0xae189) [0x75df91d37189]
W:     13. /tmp/riokka-render-feqolq1t/root/usr/lib/libreoffice/program/libuno_cppuhelpergcc3.so.3(+0xac2cd) [0x75df91d352cd]
W:     14. /tmp/riokka-render-feqolq1t/root/usr/lib/libreoffice/program/libmergedlo.so(+0x33b7b6c) [0x75df951a2b6c]
W:     15. /tmp/riokka-render-feqolq1t/root/usr/lib/libreoffice/program/libmergedlo.so(+0x287b98c) [0x75df9466698c]
W:     16. /tmp/riokka-render-feqolq1t/root/usr/lib/libreoffice/program/libmergedlo.so(+0x287e38e) [0x75df9466938e]
W:     17. /tmp/riokka-render-feqolq1t/root/usr/lib/libreoffice/program/libmergedlo.so(+0x287ecf4) [0x75df94669cf4]
W:     18. /tmp/riokka-render-feqolq1t/root/usr/lib/libreoffice/program/libmergedlo.so(+0x279724e) [0x75df9458224e]
W:     19. /tmp/riokka-render-feqolq1t/root/usr/lib/libreoffice/program/libmergedlo.so(+0x2798012) [0x75df94583012]
W:     20. /tmp/riokka-render-feqolq1t/root/usr/lib/libreoffice/program/libmergedlo.so(_ZN10comphelper19SynchronousDispatch8dispatchERKN3com3sun4star3uno9ReferenceINS4_10XInterfaceEEERKN3rtl8OUStringESD_RKNS4_8SequenceINS3_5beans13PropertyValueEEE+0x2ba) [0x75df93db434a]
W:     21. /tmp/riokka-render-feqolq1t/root/usr/lib/libreoffice/program/libmergedlo.so(+0x3432669) [0x75df9521d669]
W:     22. /tmp/riokka-render-feqolq1t/root/usr/lib/libreoffice/program/libmergedlo.so(+0x3438d5c) [0x75df95223d5c]
W:     23. /tmp/riokka-render-feqolq1t/root/usr/lib/libreoffice/program/libmergedlo.so(+0x341c1e1) [0x75df952071e1]
W:     24. /tmp/riokka-render-feqolq1t/root/usr/lib/libreoffice/program/libmergedlo.so(+0x341d7e6) [0x75df952087e6]
W:     25. /tmp/riokka-render-feqolq1t/root/usr/lib/libreoffice/program/libmergedlo.so(+0x44dcc26) [0x75df962c7c26]
W:     26. /tmp/riokka-render-feqolq1t/root/usr/lib/libreoffice/program/libmergedlo.so(_ZN14SvpSalInstance12ProcessEventEN16SalUserEventList12SalUserEventE+0x32) [0x75df9679f622]
W:     27. /tmp/riokka-render-feqolq1t/root/usr/lib/libreoffice/program/libmergedlo.so(_ZN16SalUserEventList18DispatchUserEventsEb+0x14b) [0x75df96522d7b]
W:     28. /tmp/riokka-render-feqolq1t/root/usr/lib/libreoffice/program/libmergedlo.so(+0x49b4de6) [0x75df9679fde6]
W:     29. /tmp/riokka-render-feqolq1t/root/usr/lib/libreoffice/program/libmergedlo.so(+0x49b52dd) [0x75df967a02dd]
W:     30. /tmp/riokka-render-feqolq1t/root/usr/lib/libreoffice/program/libmergedlo.so(+0x478c0be) [0x75df965770be]
W:     31. /tmp/riokka-render-feqolq1t/root/usr/lib/libreoffice/program/libmergedlo.so(_ZN11Application7ExecuteEv+0x72) [0x75df96577b02]
W:     32. /tmp/riokka-render-feqolq1t/root/usr/lib/libreoffice/program/libmergedlo.so(+0x3420340) [0x75df9520b340]
W:     33. /tmp/riokka-render-feqolq1t/root/usr/lib/libreoffice/program/libmergedlo.so(_Z10ImplSVMainv+0x49) [0x75df96582459]
W:     34. /tmp/riokka-render-feqolq1t/root/usr/lib/libreoffice/program/libmergedlo.so(soffice_main+0x85) [0x75df952293e5]
W:     35. /tmp/riokka-render-feqolq1t/root/usr/lib/libreoffice/program/soffice.bin(+0x10b6) [0x5bc4a4ea60b6]
W:     36. /usr/lib/x86_64-linux-gnu/libc.so.6(+0x2a601) [0x75df91a2a601]
W:     37. /usr/lib/x86_64-linux-gnu/libc.so.6(__libc_start_main+0x88) [0x75df91a2a718]
W:     38. /tmp/riokka-render-feqolq1t/root/usr/lib/libreoffice/program/soffice.bin(+0x10f5) [0x5bc4a4ea60f5]
