convert /home/alexi/books/riokka/stories/uk-final-2026-09-14/release-05/readers/Космос — не місце для живих.docx as a Writer document -> /home/alexi/books/riokka/stories/uk-final-2026-09-14/release-05/space-is-no-place-for-the-living/render/Космос — не місце для живих.pdf using filter : writer_pdf_Export
I/O warning : failed to load "/usr/share/liblangtag/language-subtag-registry.xml": No such file or directory
W: Error raised:
W:   Unable to read the xml file: /usr/share/liblangtag/language-subtag-registry.xml
W:   Backtraces:
W:     0. /tmp/riokka-render-feqolq1t/root/usr/lib/x86_64-linux-gnu/liblangtag.so.1(lt_xml_get_subtag_registry+0x19a) [0x7cc0f235293a]
W:     1. /tmp/riokka-render-feqolq1t/root/usr/lib/x86_64-linux-gnu/liblangtag.so.1(+0xed13) [0x7cc0f2349d13]
W:     2. /tmp/riokka-render-feqolq1t/root/usr/lib/x86_64-linux-gnu/liblangtag.so.1(lt_grandfathered_db_lookup+0xa8) [0x7cc0f234beb8]
W:     3. /tmp/riokka-render-feqolq1t/root/usr/lib/x86_64-linux-gnu/liblangtag.so.1(+0x13fa3) [0x7cc0f234efa3]
W:     4. /tmp/riokka-render-feqolq1t/root/usr/lib/libreoffice/program/libi18nlangtag.so(_ZN11LanguageTag12isValidBcp47ERKN3rtl8OUStringEPS1_NS_10PrivateUseE+0xea) [0x7cc0f600f89a]
W:     5. /tmp/riokka-render-feqolq1t/root/usr/lib/libreoffice/program/libmergedlo.so(_ZN14SvxAutoCorrCfgC1Ev+0x900) [0x7cc0fa993940]
W:     6. /tmp/riokka-render-feqolq1t/root/usr/lib/libreoffice/program/libmergedlo.so(_ZN14SvxAutoCorrCfg3GetEv+0x5c) [0x7cc0fa993bdc]
W:     7. /tmp/riokka-render-feqolq1t/root/usr/lib/libreoffice/program/libswlo.so(+0x5738ed) [0x7cc0eb0108ed]
W:     8. /tmp/riokka-render-feqolq1t/root/usr/lib/libreoffice/program/libswlo.so(+0xe65863) [0x7cc0eb902863]
W:     9. /tmp/riokka-render-feqolq1t/root/usr/lib/libreoffice/program/libswlo.so(_ZN9SwGlobals6ensureEv+0x85) [0x7cc0eb902a55]
W:     10. /tmp/riokka-render-feqolq1t/root/usr/lib/libreoffice/program/libswlo.so(Writer_SwTextDocument_get_implementation+0x3e) [0x7cc0ebb5e52e]
W:     11. /tmp/riokka-render-feqolq1t/root/usr/lib/libreoffice/program/libuno_cppuhelpergcc3.so.3(+0xadfbb) [0x7cc0f8186fbb]
W:     12. /tmp/riokka-render-feqolq1t/root/usr/lib/libreoffice/program/libuno_cppuhelpergcc3.so.3(+0xae189) [0x7cc0f8187189]
W:     13. /tmp/riokka-render-feqolq1t/root/usr/lib/libreoffice/program/libuno_cppuhelpergcc3.so.3(+0xac2cd) [0x7cc0f81852cd]
W:     14. /tmp/riokka-render-feqolq1t/root/usr/lib/libreoffice/program/libmergedlo.so(+0x33b7b6c) [0x7cc0fb936b6c]
W:     15. /tmp/riokka-render-feqolq1t/root/usr/lib/libreoffice/program/libmergedlo.so(+0x287b98c) [0x7cc0fadfa98c]
W:     16. /tmp/riokka-render-feqolq1t/root/usr/lib/libreoffice/program/libmergedlo.so(+0x287e38e) [0x7cc0fadfd38e]
W:     17. /tmp/riokka-render-feqolq1t/root/usr/lib/libreoffice/program/libmergedlo.so(+0x287ecf4) [0x7cc0fadfdcf4]
W:     18. /tmp/riokka-render-feqolq1t/root/usr/lib/libreoffice/program/libmergedlo.so(+0x279724e) [0x7cc0fad1624e]
W:     19. /tmp/riokka-render-feqolq1t/root/usr/lib/libreoffice/program/libmergedlo.so(+0x2798012) [0x7cc0fad17012]
W:     20. /tmp/riokka-render-feqolq1t/root/usr/lib/libreoffice/program/libmergedlo.so(_ZN10comphelper19SynchronousDispatch8dispatchERKN3com3sun4star3uno9ReferenceINS4_10XInterfaceEEERKN3rtl8OUStringESD_RKNS4_8SequenceINS3_5beans13PropertyValueEEE+0x2ba) [0x7cc0fa54834a]
W:     21. /tmp/riokka-render-feqolq1t/root/usr/lib/libreoffice/program/libmergedlo.so(+0x3432669) [0x7cc0fb9b1669]
W:     22. /tmp/riokka-render-feqolq1t/root/usr/lib/libreoffice/program/libmergedlo.so(+0x3438d5c) [0x7cc0fb9b7d5c]
W:     23. /tmp/riokka-render-feqolq1t/root/usr/lib/libreoffice/program/libmergedlo.so(+0x341c1e1) [0x7cc0fb99b1e1]
W:     24. /tmp/riokka-render-feqolq1t/root/usr/lib/libreoffice/program/libmergedlo.so(+0x341d7e6) [0x7cc0fb99c7e6]
W:     25. /tmp/riokka-render-feqolq1t/root/usr/lib/libreoffice/program/libmergedlo.so(+0x44dcc26) [0x7cc0fca5bc26]
W:     26. /tmp/riokka-render-feqolq1t/root/usr/lib/libreoffice/program/libmergedlo.so(_ZN14SvpSalInstance12ProcessEventEN16SalUserEventList12SalUserEventE+0x32) [0x7cc0fcf33622]
W:     27. /tmp/riokka-render-feqolq1t/root/usr/lib/libreoffice/program/libmergedlo.so(_ZN16SalUserEventList18DispatchUserEventsEb+0x14b) [0x7cc0fccb6d7b]
W:     28. /tmp/riokka-render-feqolq1t/root/usr/lib/libreoffice/program/libmergedlo.so(+0x49b4de6) [0x7cc0fcf33de6]
W:     29. /tmp/riokka-render-feqolq1t/root/usr/lib/libreoffice/program/libmergedlo.so(+0x49b52dd) [0x7cc0fcf342dd]
W:     30. /tmp/riokka-render-feqolq1t/root/usr/lib/libreoffice/program/libmergedlo.so(+0x478c0be) [0x7cc0fcd0b0be]
W:     31. /tmp/riokka-render-feqolq1t/root/usr/lib/libreoffice/program/libmergedlo.so(_ZN11Application7ExecuteEv+0x72) [0x7cc0fcd0bb02]
W:     32. /tmp/riokka-render-feqolq1t/root/usr/lib/libreoffice/program/libmergedlo.so(+0x3420340) [0x7cc0fb99f340]
W:     33. /tmp/riokka-render-feqolq1t/root/usr/lib/libreoffice/program/libmergedlo.so(_Z10ImplSVMainv+0x49) [0x7cc0fcd16459]
W:     34. /tmp/riokka-render-feqolq1t/root/usr/lib/libreoffice/program/libmergedlo.so(soffice_main+0x85) [0x7cc0fb9bd3e5]
W:     35. /tmp/riokka-render-feqolq1t/root/usr/lib/libreoffice/program/soffice.bin(+0x10b6) [0x5666d75470b6]
W:     36. /usr/lib/x86_64-linux-gnu/libc.so.6(+0x2a601) [0x7cc0f822a601]
W:     37. /usr/lib/x86_64-linux-gnu/libc.so.6(__libc_start_main+0x88) [0x7cc0f822a718]
W:     38. /tmp/riokka-render-feqolq1t/root/usr/lib/libreoffice/program/soffice.bin(+0x10f5) [0x5666d75470f5]
I/O warning : failed to load "/usr/share/liblangtag/language-subtag-registry.xml": No such file or directory
W: Error raised:
W:   Unable to read the xml file: /usr/share/liblangtag/language-subtag-registry.xml
W:   Backtraces:
W:     0. /tmp/riokka-render-feqolq1t/root/usr/lib/x86_64-linux-gnu/liblangtag.so.1(lt_xml_get_subtag_registry+0x19a) [0x7cc0f235293a]
W:     1. /tmp/riokka-render-feqolq1t/root/usr/lib/x86_64-linux-gnu/liblangtag.so.1(+0xf36a) [0x7cc0f234a36a]
W:     2. /tmp/riokka-render-feqolq1t/root/usr/lib/x86_64-linux-gnu/liblangtag.so.1(lt_lang_db_lookup+0xa8) [0x7cc0f234bf98]
W:     3. /tmp/riokka-render-feqolq1t/root/usr/lib/x86_64-linux-gnu/liblangtag.so.1(+0x14d60) [0x7cc0f234fd60]
W:     4. /tmp/riokka-render-feqolq1t/root/usr/lib/libreoffice/program/libi18nlangtag.so(_ZN11LanguageTag12isValidBcp47ERKN3rtl8OUStringEPS1_NS_10PrivateUseE+0xea) [0x7cc0f600f89a]
W:     5. /tmp/riokka-render-feqolq1t/root/usr/lib/libreoffice/program/libmergedlo.so(_ZN14SvxAutoCorrCfgC1Ev+0x900) [0x7cc0fa993940]
W:     6. /tmp/riokka-render-feqolq1t/root/usr/lib/libreoffice/program/libmergedlo.so(_ZN14SvxAutoCorrCfg3GetEv+0x5c) [0x7cc0fa993bdc]
W:     7. /tmp/riokka-render-feqolq1t/root/usr/lib/libreoffice/program/libswlo.so(+0x5738ed) [0x7cc0eb0108ed]
W:     8. /tmp/riokka-render-feqolq1t/root/usr/lib/libreoffice/program/libswlo.so(+0xe65863) [0x7cc0eb902863]
W:     9. /tmp/riokka-render-feqolq1t/root/usr/lib/libreoffice/program/libswlo.so(_ZN9SwGlobals6ensureEv+0x85) [0x7cc0eb902a55]
W:     10. /tmp/riokka-render-feqolq1t/root/usr/lib/libreoffice/program/libswlo.so(Writer_SwTextDocument_get_implementation+0x3e) [0x7cc0ebb5e52e]
W:     11. /tmp/riokka-render-feqolq1t/root/usr/lib/libreoffice/program/libuno_cppuhelpergcc3.so.3(+0xadfbb) [0x7cc0f8186fbb]
W:     12. /tmp/riokka-render-feqolq1t/root/usr/lib/libreoffice/program/libuno_cppuhelpergcc3.so.3(+0xae189) [0x7cc0f8187189]
W:     13. /tmp/riokka-render-feqolq1t/root/usr/lib/libreoffice/program/libuno_cppuhelpergcc3.so.3(+0xac2cd) [0x7cc0f81852cd]
W:     14. /tmp/riokka-render-feqolq1t/root/usr/lib/libreoffice/program/libmergedlo.so(+0x33b7b6c) [0x7cc0fb936b6c]
W:     15. /tmp/riokka-render-feqolq1t/root/usr/lib/libreoffice/program/libmergedlo.so(+0x287b98c) [0x7cc0fadfa98c]
W:     16. /tmp/riokka-render-feqolq1t/root/usr/lib/libreoffice/program/libmergedlo.so(+0x287e38e) [0x7cc0fadfd38e]
W:     17. /tmp/riokka-render-feqolq1t/root/usr/lib/libreoffice/program/libmergedlo.so(+0x287ecf4) [0x7cc0fadfdcf4]
W:     18. /tmp/riokka-render-feqolq1t/root/usr/lib/libreoffice/program/libmergedlo.so(+0x279724e) [0x7cc0fad1624e]
W:     19. /tmp/riokka-render-feqolq1t/root/usr/lib/libreoffice/program/libmergedlo.so(+0x2798012) [0x7cc0fad17012]
W:     20. /tmp/riokka-render-feqolq1t/root/usr/lib/libreoffice/program/libmergedlo.so(_ZN10comphelper19SynchronousDispatch8dispatchERKN3com3sun4star3uno9ReferenceINS4_10XInterfaceEEERKN3rtl8OUStringESD_RKNS4_8SequenceINS3_5beans13PropertyValueEEE+0x2ba) [0x7cc0fa54834a]
W:     21. /tmp/riokka-render-feqolq1t/root/usr/lib/libreoffice/program/libmergedlo.so(+0x3432669) [0x7cc0fb9b1669]
W:     22. /tmp/riokka-render-feqolq1t/root/usr/lib/libreoffice/program/libmergedlo.so(+0x3438d5c) [0x7cc0fb9b7d5c]
W:     23. /tmp/riokka-render-feqolq1t/root/usr/lib/libreoffice/program/libmergedlo.so(+0x341c1e1) [0x7cc0fb99b1e1]
W:     24. /tmp/riokka-render-feqolq1t/root/usr/lib/libreoffice/program/libmergedlo.so(+0x341d7e6) [0x7cc0fb99c7e6]
W:     25. /tmp/riokka-render-feqolq1t/root/usr/lib/libreoffice/program/libmergedlo.so(+0x44dcc26) [0x7cc0fca5bc26]
W:     26. /tmp/riokka-render-feqolq1t/root/usr/lib/libreoffice/program/libmergedlo.so(_ZN14SvpSalInstance12ProcessEventEN16SalUserEventList12SalUserEventE+0x32) [0x7cc0fcf33622]
W:     27. /tmp/riokka-render-feqolq1t/root/usr/lib/libreoffice/program/libmergedlo.so(_ZN16SalUserEventList18DispatchUserEventsEb+0x14b) [0x7cc0fccb6d7b]
W:     28. /tmp/riokka-render-feqolq1t/root/usr/lib/libreoffice/program/libmergedlo.so(+0x49b4de6) [0x7cc0fcf33de6]
W:     29. /tmp/riokka-render-feqolq1t/root/usr/lib/libreoffice/program/libmergedlo.so(+0x49b52dd) [0x7cc0fcf342dd]
W:     30. /tmp/riokka-render-feqolq1t/root/usr/lib/libreoffice/program/libmergedlo.so(+0x478c0be) [0x7cc0fcd0b0be]
W:     31. /tmp/riokka-render-feqolq1t/root/usr/lib/libreoffice/program/libmergedlo.so(_ZN11Application7ExecuteEv+0x72) [0x7cc0fcd0bb02]
W:     32. /tmp/riokka-render-feqolq1t/root/usr/lib/libreoffice/program/libmergedlo.so(+0x3420340) [0x7cc0fb99f340]
W:     33. /tmp/riokka-render-feqolq1t/root/usr/lib/libreoffice/program/libmergedlo.so(_Z10ImplSVMainv+0x49) [0x7cc0fcd16459]
W:     34. /tmp/riokka-render-feqolq1t/root/usr/lib/libreoffice/program/libmergedlo.so(soffice_main+0x85) [0x7cc0fb9bd3e5]
W:     35. /tmp/riokka-render-feqolq1t/root/usr/lib/libreoffice/program/soffice.bin(+0x10b6) [0x5666d75470b6]
W:     36. /usr/lib/x86_64-linux-gnu/libc.so.6(+0x2a601) [0x7cc0f822a601]
W:     37. /usr/lib/x86_64-linux-gnu/libc.so.6(__libc_start_main+0x88) [0x7cc0f822a718]
W:     38. /tmp/riokka-render-feqolq1t/root/usr/lib/libreoffice/program/soffice.bin(+0x10f5) [0x5666d75470f5]
